// Jest Snapshot v1, https://goo.gl/fbAQLP

exports[`Container Component displays the base layout 1`] = `
<div
  className="ms-Fabric ms-font-m"
>
  <Connect(ToggleRepl)>
    <div
      className="ms-Grid"
    >
      <div
        className="ms-Grid-row header"
      >
        <div
          className="ms-Grid-col ms-u-sm5 ms-u-md6 ms-u-lg3 ms-u-xl2"
        >
          <Link
            onlyActiveOnIndex={false}
            style={Object {}}
            to="/"
          >
            <img
              alt="logo"
              src="logo.svg"
            />
          </Link>
        </div>
        <div
          className="ms-Grid-col ms-u-sm12 ms-u-md6 ms-u-lg9 ms-u-xl10"
        >
          <ul>
            <li>
              <Connect(ActivityMonitor) />
            </li>
            <li>
              <a
                href="http://fauna.com/tutorials"
                rel="noopener noreferrer"
                target="_blank"
              >
                Tutorials
              </a>
            </li>
            <li>
              <a
                href="http://fauna.com/documentation"
                rel="noopener noreferrer"
                target="_blank"
              >
                Documentation
              </a>
            </li>
            <li>
              <a
                href="https://fauna.com/resources#drivers"
                rel="noopener noreferrer"
                target="_blank"
              >
                Drivers
              </a>
            </li>
            <li>
              <Connect(UserAccount) />
            </li>
          </ul>
        </div>
      </div>
    </div>
  </Connect(ToggleRepl)>
  <Connect(NotificationBar) />
  <Connect(LoginForm) />
  <Connect(IntercomWidget) />
</div>
`;

exports[`Container Component renders a smaller sidebar when using a server key 1`] = `
<div
  className="ms-Fabric ms-font-m"
>
  <Connect(ToggleRepl)>
    <div
      className="ms-Grid"
    >
      <div
        className="ms-Grid-row header"
      >
        <div
          className="ms-Grid-col ms-u-sm5 ms-u-md6 ms-u-lg3 ms-u-xl2"
        >
          <Link
            onlyActiveOnIndex={false}
            style={Object {}}
            to="/"
          >
            <img
              alt="logo"
              src="logo.svg"
            />
          </Link>
        </div>
        <div
          className="ms-Grid-col ms-u-sm12 ms-u-md6 ms-u-lg9 ms-u-xl10"
        >
          <ul>
            <li>
              <Connect(ActivityMonitor) />
            </li>
            <li>
              <a
                href="http://fauna.com/tutorials"
                rel="noopener noreferrer"
                target="_blank"
              >
                Tutorials
              </a>
            </li>
            <li>
              <a
                href="http://fauna.com/documentation"
                rel="noopener noreferrer"
                target="_blank"
              >
                Documentation
              </a>
            </li>
            <li>
              <a
                href="https://fauna.com/resources#drivers"
                rel="noopener noreferrer"
                target="_blank"
              >
                Drivers
              </a>
            </li>
            <li>
              <Connect(UserAccount) />
            </li>
          </ul>
        </div>
      </div>
    </div>
  </Connect(ToggleRepl)>
  <Connect(NotificationBar) />
  <Connect(LoginForm) />
  <Connect(IntercomWidget) />
</div>
`;
